# W0 · 工作区 Rust 判定

工作目录：D:/Project/acp-remote
工具链：cargo 1.98.1 (797e8a9bc 2026-08-05)

`cargo fmt --all -- --check` 退出码：0（见 wp4-migration-tests.log 的同名段落，W0 复跑一致）
`cargo clippy --locked --workspace --all-targets --all-features -- -D warnings` 退出码：0

## cargo test --locked --workspace --all-features
退出码：0

```text

running 0 tests



running 18 tests



running 6 tests



running 19 tests



running 1 test



running 75 tests



running 6 tests



running 6 tests



running 7 tests



running 5 tests



running 3 tests



running 2 tests



running 3 tests



running 5 tests



running 16 tests

running 1 test



running 3 tests



running 5 tests



running 2 tests



running 9 tests



running 7 tests



running 4 tests



running 8 tests



running 1 test



running 9 tests



running 7 tests



running 10 tests



running 6 tests



running 5 tests



running 3 tests



running 2 tests



running 3 tests



running 0 tests



running 0 tests



running 0 tests



running 0 tests



running 0 tests



running 0 tests


    Finished `test` profile [unoptimized + debuginfo] target(s) in 0.32s
     Running unittests src\lib.rs (target\debug\deps\acpr_transcript-fbcd6ea7d9b726f0.exe)
     Running tests\codec.rs (target\debug\deps\codec-3d1a2152d2bf3a91.exe)
     Running tests\table.rs (target\debug\deps\table-707d832d3b4ee8c8.exe)
     Running unittests src\lib.rs (target\debug\deps\acpr_wire-c89e81c962bbb660.exe)
     Running tests\cj1_fixtures.rs (target\debug\deps\cj1_fixtures-5f56c0479d85182e.exe)
     Running unittests src\lib.rs (target\debug\deps\acp_core-2e43eb0e8db7c85e.exe)
     Running unittests src\lib.rs (target\debug\deps\node_link_protocol-fa2f58049180655b.exe)
     Running tests\envelope_fixtures.rs (target\debug\deps\envelope_fixtures-53c4d11f1f5a8f4d.exe)
     Running tests\pairing_fixtures.rs (target\debug\deps\pairing_fixtures-3a3cd1ea90bb9c33.exe)
     Running tests\schema_drift.rs (target\debug\deps\schema_drift-6b2bab11edcb4d30.exe)
     Running tests\tables_match_registry.rs (target\debug\deps\tables_match_registry-603650f922209fe3.exe)
     Running tests\transcript_vectors.rs (target\debug\deps\transcript_vectors-8de14c7b2eb7fe0c.exe)
     Running unittests src\lib.rs (target\debug\deps\storage_sqlite-0d58b1b58b75561f.exe)
     Running tests\attachments.rs (target\debug\deps\attachments-9e60598db9c93d4f.exe)
     Running tests\commit.rs (target\debug\deps\commit-e522e15f306d70cd.exe)
     Running tests\compaction_recovery.rs (target\debug\deps\compaction_recovery-8d6c574200e6b3e3.exe)
     Running tests\contract_v03.rs (target\debug\deps\contract_v03-2044eae28aa474e0.exe)
     Running tests\enum_coverage.rs (target\debug\deps\enum_coverage-79f1adb3d96ef9a3.exe)
     Running tests\imported.rs (target\debug\deps\imported-9e1f6b2bf5037433.exe)
     Running tests\migration.rs (target\debug\deps\migration-921e3b158b6f7026.exe)
     Running tests\permissions.rs (target\debug\deps\permissions-71398df9ea90ad28.exe)
     Running tests\retention.rs (target\debug\deps\retention-b8e1bac797e3e28f.exe)
     Running unittests src\lib.rs (target\debug\deps\sync_protocol-e0a67f0722dcb33b.exe)
     Running tests\body_constraints.rs (target\debug\deps\body_constraints-18ff95c7d06fbca0.exe)
     Running tests\envelope_fixtures.rs (target\debug\deps\envelope_fixtures-7acac3904c9631df.exe)
     Running tests\field_constraints.rs (target\debug\deps\field_constraints-3d6cc1ac3e9e6413.exe)
     Running tests\pairing_fixtures.rs (target\debug\deps\pairing_fixtures-337177d0afefd091.exe)
     Running tests\schema_drift.rs (target\debug\deps\schema_drift-7913edf23f91e6a6.exe)
     Running tests\tables_match_registry.rs (target\debug\deps\tables_match_registry-c4f80bab4d5c67a4.exe)
     Running tests\transcript_vectors.rs (target\debug\deps\transcript_vectors-1fa19e8d4e976a72.exe)
     Running tests\view_projections.rs (target\debug\deps\view_projections-c5ff9be6e6e0472d.exe)
   Doc-tests acpr_transcript
   Doc-tests acpr_wire
   Doc-tests acp_core
   Doc-tests node_link_protocol
   Doc-tests storage_sqlite
   Doc-tests sync_protocol

```
