HEAD (main worktree): 86f282bf545ea7839e961e09481d0784005ce420

=== ① cargo test --locked -p core -p storage-sqlite --all-features [PV4] === exit 0
running 78 tests
test result: ok. 78 passed; 0 failed; 0 ignored; 0 measured; 0 filtered out; finished in 0.01s
running 3 tests
test result: ok. 3 passed; 0 failed; 0 ignored; 0 measured; 0 filtered out; finished in 0.00s
running 28 tests
test result: ok. 28 passed; 0 failed; 0 ignored; 0 measured; 0 filtered out; finished in 0.59s
running 5 tests
test result: ok. 5 passed; 0 failed; 0 ignored; 0 measured; 0 filtered out; finished in 0.06s
running 16 tests
test result: ok. 15 passed; 0 failed; 1 ignored; 0 measured; 0 filtered out; finished in 0.26s
running 3 tests
test result: ok. 3 passed; 0 failed; 0 ignored; 0 measured; 0 filtered out; finished in 0.05s
running 5 tests
test result: ok. 5 passed; 0 failed; 0 ignored; 0 measured; 0 filtered out; finished in 0.06s
running 2 tests
test result: ok. 2 passed; 0 failed; 0 ignored; 0 measured; 0 filtered out; finished in 0.04s
running 9 tests
test result: ok. 9 passed; 0 failed; 0 ignored; 0 measured; 0 filtered out; finished in 0.10s
running 8 tests
test result: ok. 7 passed; 0 failed; 1 ignored; 0 measured; 0 filtered out; finished in 0.11s
running 4 tests
test result: ok. 4 passed; 0 failed; 0 ignored; 0 measured; 0 filtered out; finished in 0.00s
running 8 tests
test result: ok. 8 passed; 0 failed; 0 ignored; 0 measured; 0 filtered out; finished in 0.11s
running 0 tests
test result: ok. 0 passed; 0 failed; 0 ignored; 0 measured; 0 filtered out; finished in 0.00s
running 0 tests
test result: ok. 0 passed; 0 failed; 0 ignored; 0 measured; 0 filtered out; finished in 0.00s

=== ② node scripts/check-contract-drift.mjs [PV2] === exit 0
contract drift OK: §7 的 36 条 DDL 与 crates\storage-sqlite\src\migrate.rs 逐条一致；§5 的 15 个 trait / 87 个方法签名与 crates\core\src\ports.rs 一致

=== ③ node scripts/check-crate-boundaries.mjs [PV3] === exit 0
crate boundaries OK: 6 个 crate 的依赖方向与 §5 矩阵一致（6 个已在矩阵登记）

=== ④ cargo test -p storage-sqlite --test migration [v1->v2 replay] === exit 0
test regenerate_v2_fixtures ... ignored, 夹具生成器：只在需要重建 fixtures/storage/v2 时手动运行
test corrupt_database_fails_closed ... ok
test fresh_directory_is_created_at_version_two ... ok
test too_new_database_is_rejected_without_writing_rows ... ok
test v2_fixture_is_untouched_by_two_consecutive_starts ... ok
test a_failed_upgrade_rolls_back_to_v1 ... ok
test second_open_of_an_upgraded_database_rewrites_nothing ... ok
test v1_fixture_upgrades_to_v2_and_preserves_rows ... ok
test result: ok. 7 passed; 0 failed; 1 ignored; 0 measured; 0 filtered out; finished in 0.12s

running 78 tests
test broker::tests::creating_and_resolving_interaction_in_one_commit_is_rejected ... ok
test broker::tests::imported_receipt_commits_before_publish_and_body_stays_in_memory ... ok
test broker::tests::ephemeral_events_are_filtered_before_commit ... ok
test broker::tests::authorization_denied_for_device_without_scope ... ok
test broker::tests::idempotency_conflict_on_changed_fingerprint ... ok
test broker::tests::idempotent_replay_returns_first_turn_without_redispatch ... ok
test broker::tests::interaction_resolution_is_first_writer_wins ... ok
test broker::tests::mode_list_uses_adapter_modes_only ... ok
test broker::tests::non_session_event_has_no_session_scoped_identifiers ... ok
test broker::tests::flush_merges_deltas_without_crossing_turn_boundaries ... ok
test broker::tests::interaction_request_lands_event_and_pending_row_in_one_commit ... ok
test broker::tests::event_origin_follows_the_producer ... ok
test broker::tests::delta_compaction_two_way ... ok
test broker::tests::event_payload_returns_stored_view_and_none_for_unknown_event ... ok
test broker::tests::accept_commit_failure_rejects_without_publishing ... ok
test broker::tests::mode_change_rejected_while_turn_running ... ok
test model::tests::acp_raw_enforces_byte_length_and_json_shape ... ok
test model::tests::actor_exposes_the_storage_identity_columns ... ok
test broker::tests::owned_events_commit_before_publish ... ok
test model::tests::audit_record_carries_no_content_and_closed_action_set ... ok
test broker::tests::assistant_messages_complete_with_the_turn ... ok
test model::tests::capability_set_dedups_and_template_selection_validates_keys ... ok
test broker::tests::queue_policy_bounds_max_queued_turns ... ok
test model::tests::client_command_validates_family_session_and_version ... ok
test broker::tests::recover_unsettled_terminates_and_backfills ... ok
test model::tests::command_record_enforces_the_table_checks ... ok
test model::tests::command_status_terminal_rules ... ok
test model::tests::committed_event_and_delivery_keep_session_sequences_consistent ... ok
test broker::tests::reject_busy_policy_rejects_second_prompt ... ok
test broker::tests::terminal_commit_failure_marks_command_uncertain ... ok
test model::tests::config_option_requires_current_value_to_match_kind ... ok
test model::tests::cursors_are_compound_and_ordered ... ok
test broker::tests::queued_turn_starts_after_running_turn_finishes ... ok
test broker::tests::replay_and_snapshot_share_one_read_view ... ok
test model::tests::device_record_ties_revocation_state_to_timestamp ... ok
test model::tests::digest_requires_canonical_unpadded_base64url_of_32_bytes ... ok
test model::tests::elicitation_values_distinguishes_null_from_empty_object ... ok
test broker::tests::same_session_submissions_do_not_interleave ... ok
test model::tests::elicitation_values_classify_acp_shapes_from_wire_text ... ok
test model::tests::entity_ref_exposes_kind_and_target_id_for_storage_columns ... ok
test model::tests::ephemeral_cannot_enter_a_commit ... ok
test model::tests::export_record_checks_defaults_and_uniqueness ... ok
test model::tests::elicitation_values_round_trip_all_six_shapes ... ok
test model::tests::import_record_requires_wss_endpoint_and_unique_exports ... ok
test model::tests::interaction_resolution_enforces_action_versus_values ... ok
test model::tests::node_record_requires_owner_endpoint_only_for_owner_kind ... ok
test model::tests::local_config_values_enforce_their_invariants ... ok
test model::tests::other_counters_are_unbounded ... ok
test model::tests::pairing_record_state_machine_matches_timestamps ... ok
test model::tests::pending_interaction_and_options_validate_lengths ... ok
test model::tests::peer_public_key_is_validated_at_construction_and_derives_its_fingerprint ... ok
test model::tests::pairing_claim_and_peer_are_typed_and_consistent ... ok
test model::tests::permission_decision_option_id_is_bounded_like_the_wire_field ... ok
test model::tests::port_error_and_kinds_are_wired_to_the_model_errors ... ok
test model::tests::scope_and_grant_sets_validate_and_dedup ... ok
test model::tests::public_error_validates_code_charset_and_message_length ... ok
test model::tests::elicitation_values_enforce_size_depth_and_unique_keys ... ok
test model::tests::timestamp_shape_and_ranges_are_enforced_and_ordering_is_chronological ... ok
test model::tests::session_state_machine_is_terminal_aware ... ok
test model::tests::spec_ids_follow_their_own_patterns ... ok
test model::tests::uuid_ids_accept_canonical_and_reject_everything_else ... ok
test model::tests::sequence_is_capped_at_2_pow_63_minus_1 ... ok
test model::tests::turn_state_machine_sets_timestamps_and_stops_at_terminal ... ok
test model::tests::view_json_keeps_bytes_and_requires_a_well_formed_object ... ok
test model::tests::session_constructor_checks_cross_field_invariants ... ok
test model::tests::view_json_rejects_nesting_beyond_the_cap ... ok
test use_cases::tests::create_session_authorizes_before_resolving_the_workspace ... ok
test use_cases::tests::create_session_rejects_unregistered_workspace_alias ... ok
test use_cases::tests::list_sessions_returns_core_summaries ... ok
test use_cases::tests::pairing_settlement_carries_the_target_family_audit ... ok
test use_cases::tests::export_and_import_preconditions_are_enforced ... ok
test use_cases::tests::create_session_reports_local_resolution_failure_as_unavailable ... ok
test use_cases::tests::query_command_is_authorized_without_side_effects ... ok
test use_cases::tests::remove_import_is_one_atomic_write_set_with_audit ... ok
test use_cases::tests::read_session_merges_live_config_from_the_endpoint ... ok
test use_cases::tests::revoke_device_carries_its_audit_in_the_write_set ... ok
test use_cases::tests::command_status_is_scoped_to_the_submitting_actor ... ok
test use_cases::tests::workspace_resolution_canonicalizes_and_rejects_invalid_inputs ... ok

test result: ok. 78 passed; 0 failed; 0 ignored; 0 measured; 0 filtered out; finished in 0.01s


running 3 tests
test migrate::window::tests::parses_and_formats_round_trip ... ok
test migrate::window::tests::rejects_malformed_shapes ... ok
test migrate::window::tests::shifts_across_month_and_year_boundaries ... ok

test result: ok. 3 passed; 0 failed; 0 ignored; 0 measured; 0 filtered out; finished in 0.00s


running 28 tests
test a_failed_audit_write_rolls_back_the_whole_write_set ... ok
test default_profile_switch_is_atomic_and_unique ... ok
test fail_closed_store_rejects_every_admin_write_path ... ok
test node_pairing_approval_persists_access_trust ... ok
test import_ownership_is_exclusive_and_write_set_divergence_is_rejected ... ok
test device_revocation_is_idempotent_and_survives_reopen ... ok
test a_pairing_can_be_settled_only_once ... ok
test node_roles_share_one_identity_material ... ok
test expired_pairing_is_refused_on_claim_and_terminated_by_restart_sweep ... ok
test an_empty_stored_binding_is_reported_as_corrupt ... ok
test full_import_removal_and_connection_drop_both_keep_audit ... ok
test node_revocation_covers_both_roles_and_survives_reopen ... ok
test only_a_fresh_node_pairing_can_lift_a_node_revocation ... ok
test only_a_fresh_pairing_can_lift_a_revocation ... ok
test claim_with_a_foreign_host_binding_is_rejected ... ok
test rejected_settlement_creates_no_trust_and_ends_the_pairing ... ok
test profile_bindings_must_reference_registered_provider_fields ... ok
test second_node_role_with_a_foreign_fingerprint_is_rejected ... ok
test provider_reference_version_must_advance ... ok
test second_claim_of_the_same_pairing_is_rejected ... ok
test capacity_limit_refuses_new_admin_writes_without_deleting_trust ... ok
test timestamps_are_advanced_never_erased ... ok
test revoked_or_rekeyed_device_cannot_be_reactivated_or_rebound ... ok
test a_constraint_failure_during_approval_leaves_no_half_authorization ... ok
test seed_marks_initialized_once_and_ignores_later_seeds ... ok
test no_secret_material_lands_in_any_column ... ok
test workspace_records_stay_local_and_keep_created_at ... ok
test pairing_approval_persists_identity_material_across_reopen ... ok

test result: ok. 28 passed; 0 failed; 0 ignored; 0 measured; 0 filtered out; finished in 0.59s


running 5 tests
test oversized_attachment_is_rejected ... ok
test attachments_are_content_addressed ... ok
test sweep_orphans_only_removes_stale_untracked_files ... ok
test link_records_session_ownership ... ok
test prune_lru_removes_the_oldest_attachments_first ... ok

test result: ok. 5 passed; 0 failed; 0 ignored; 0 measured; 0 filtered out; finished in 0.06s


running 16 tests
test crash_child ... ignored, 由 crash_recovery_leaves_an_consistent_database 拉起

running 1 test
test crash_child ... test terminal_for_unknown_request_is_not_found ... ok
test integrity_check_is_ok_after_normal_writes ... ok
test expected_version_is_part_of_the_idempotency_check ... ok
test owned_audit_has_the_frozen_column_list ... ok
test payload_digest_is_the_cj1_digest_of_the_stored_payload ... ok
test idempotency_conflicts_are_detected ... ok
test session_update_keeps_state_when_absent_and_bumps_version ... ok
test non_canonical_payload_is_rejected_without_writing ... ok
test references_are_intact ... ok
test interaction_resolution_is_first_writer_wins ... ok
test sequences_are_dense_and_global_sequence_covers_node_events ... ok
test commit_writes_state_turns_events_and_terminal_in_one_transaction ... ok
test terminal_commit_completes_the_accepted_command ... ok
test failed_commit_rolls_back_every_row ... ok
test crash_recovery_leaves_an_consistent_database ... ok

test result: ok. 15 passed; 0 failed; 1 ignored; 0 measured; 0 filtered out; finished in 0.26s


running 3 tests
test compaction_points_the_deltas_at_the_summary_event ... ok
test unsettled_commands_lists_only_accepted_mutations ... ok
test invalid_compaction_is_rejected_without_writing ... ok

test result: ok. 3 passed; 0 failed; 0 ignored; 0 measured; 0 filtered out; finished in 0.05s


running 5 tests
test creating_and_resolving_in_one_commit_is_rejected ... ok
test interaction_without_a_paired_event_is_rejected ... ok
test node_scope_events_have_null_origin_columns ... ok
test event_payload_is_byte_exact ... ok
test interaction_creation_links_the_request_event ... ok

test result: ok. 5 passed; 0 failed; 0 ignored; 0 measured; 0 filtered out; finished in 0.06s


running 2 tests
test ddl_enum_lists_match_the_core_enums ... ok
test elicitation_decline_round_trips ... ok

test result: ok. 2 passed; 0 failed; 0 ignored; 0 measured; 0 filtered out; finished in 0.04s


running 9 tests
test receipt_without_imported_session_is_rejected ... ok
test imported_tables_match_the_frozen_column_lists ... ok
test imported_session_queries_filter_as_documented ... ok
test imported_command_refs_carry_no_message ... ok
test epoch_change_invalidates_the_delivery_index ... ok
test duplicate_receipts_do_not_advance_the_local_sequence ... ok
test imported_tables_never_hold_owned_content ... ok
test drop_import_keeps_audit_rows ... ok
test prune_reclaims_the_imported_family_and_expired_audit ... ok

test result: ok. 9 passed; 0 failed; 0 ignored; 0 measured; 0 filtered out; finished in 0.10s


running 8 tests
test regenerate_v2_fixtures ... ignored, 夹具生成器：只在需要重建 fixtures/storage/v2 时手动运行
test corrupt_database_fails_closed ... ok
test fresh_directory_is_created_at_version_two ... ok
test v2_fixture_is_untouched_by_two_consecutive_starts ... ok
test too_new_database_is_rejected_without_writing_rows ... ok
test a_failed_upgrade_rolls_back_to_v1 ... ok
test second_open_of_an_upgraded_database_rewrites_nothing ... ok
test v1_fixture_upgrades_to_v2_and_preserves_rows ... ok

test result: ok. 7 passed; 0 failed; 1 ignored; 0 measured; 0 filtered out; finished in 0.11s


running 4 tests
test group_or_other_writable_views_are_relaxed ... ok
test foreign_principal_views_are_relaxed ... ok
test unix_mode_bits_map_to_the_expected_verdicts ... ok
test enforcement_only_fails_on_observed_relaxation ... ok

test result: ok. 4 passed; 0 failed; 0 ignored; 0 measured; 0 filtered out; finished in 0.00s


running 8 tests
test session_limit_is_enforced_per_session ... ok
test cursor_validation_reports_the_documented_reasons ... ok
test prune_clears_expired_events_referenced_by_terminal_interactions ... ok
test capacity_measure_matches_the_store ... ok
test prune_removes_expired_events_and_moves_the_window ... ok
test commit_refuses_to_write_when_capacity_cannot_be_recovered ... ok
test capacity_reports_storage_full_not_backend_when_events_are_referenced ... ok
test capacity_cleanup_follows_the_documented_order ... ok

test result: ok. 8 passed; 0 failed; 0 ignored; 0 measured; 0 filtered out; finished in 0.11s


running 0 tests

test result: ok. 0 passed; 0 failed; 0 ignored; 0 measured; 0 filtered out; finished in 0.00s


running 0 tests

test result: ok. 0 passed; 0 failed; 0 ignored; 0 measured; 0 filtered out; finished in 0.00s

    Finished `test` profile [unoptimized + debuginfo] target(s) in 0.39s
     Running unittests src\lib.rs (D:/Project/acp-remote/target\debug\deps\acp_core-2746f69ba30bea4f.exe)
     Running unittests src\lib.rs (D:/Project/acp-remote/target\debug\deps\storage_sqlite-537dfa8b74bbd837.exe)
     Running tests\admin_store.rs (D:/Project/acp-remote/target\debug\deps\admin_store-f91dcdab931b40b6.exe)
     Running tests\attachments.rs (D:/Project/acp-remote/target\debug\deps\attachments-cd400a4d11af6a1a.exe)
     Running tests\commit.rs (D:/Project/acp-remote/target\debug\deps\commit-b4276ef505ad3b17.exe)
     Running tests\compaction_recovery.rs (D:/Project/acp-remote/target\debug\deps\compaction_recovery-f906270f89ed5032.exe)
     Running tests\contract_v03.rs (D:/Project/acp-remote/target\debug\deps\contract_v03-ffc8db9c53ce44c3.exe)
     Running tests\enum_coverage.rs (D:/Project/acp-remote/target\debug\deps\enum_coverage-43241ab94adab3a4.exe)
     Running tests\imported.rs (D:/Project/acp-remote/target\debug\deps\imported-0aac23fd0ae498ae.exe)
     Running tests\migration.rs (D:/Project/acp-remote/target\debug\deps\migration-d8ab05274f575760.exe)
     Running tests\permissions.rs (D:/Project/acp-remote/target\debug\deps\permissions-e4e453e0c7bb7ef0.exe)
     Running tests\retention.rs (D:/Project/acp-remote/target\debug\deps\retention-ea58c509c7e980c4.exe)
   Doc-tests acp_core
   Doc-tests storage_sqlite



running 8 tests
test regenerate_v2_fixtures ... ignored, 夹具生成器：只在需要重建 fixtures/storage/v2 时手动运行
test corrupt_database_fails_closed ... ok
test fresh_directory_is_created_at_version_two ... ok
test too_new_database_is_rejected_without_writing_rows ... ok
test v2_fixture_is_untouched_by_two_consecutive_starts ... ok
test a_failed_upgrade_rolls_back_to_v1 ... ok
test second_open_of_an_upgraded_database_rewrites_nothing ... ok
test v1_fixture_upgrades_to_v2_and_preserves_rows ... ok

test result: ok. 7 passed; 0 failed; 1 ignored; 0 measured; 0 filtered out; finished in 0.12s

    Finished `test` profile [unoptimized + debuginfo] target(s) in 0.29s
     Running tests\migration.rs (D:/Project/acp-remote/target\debug\deps\migration-d8ab05274f575760.exe)
